{
    "title": "Les Festivals Japonais : Une Célébration de la Tradition, de la Passion et du Sacré",
    "outline": [
        {
            "level": "H1",
            "text": "I. L'Âme de la Célébration : Introduction aux Matsuri Japonais",
            "page": 0
        },
        {
            "level": "H2",
            "text": "1.1. Définir Matsuri : Au-delà du \"Festival\"",
            "page": 0
        },
        {
            "level": "H2",
            "text": "1.2. Les Rythmes de la Nature : La Saisonnalité des Matsuri",
            "page": 0
        },
        {
            "level": "H1",
            "text": "II. Le Sacré et le Communautaire : Fondements Religieux des Matsuri",
            "page": 1
        },
        {
            "level": "H2",
            "text": "2.1. La Voie des Kami : Le Rôle Central du Shintoïsme",
            "page": 1
        },
        {
            "level": "H2",
            "text": "2.2. La Voie de l'Éveil : Influences Bouddhistes et Syncrétisme",
            "page": 1
        },
        {
            "level": "H1",
            "text": "III. Une Tapisserie de Traditions : Typologie des Festivals Japonais",
            "page": 2
        },
        {
            "level": "H2",
            "text": "3.1. Un Cadre de Classification",
            "page": 2
        },
        {
            "level": "H1",
            "text": "IV. Les Musées Ambulants de Kyoto : Plongée au Cœur du Gion Matsuri",
            "page": 2
        },
        {
            "level": "H2",
            "text": "4.1. Évolution Historique : De la Conjuration de la Peste au Spectacle Mondial",
            "page": 2
        },
        {
            "level": "H2",
            "text": "4.2. Les Yamahoko : Art, Symbolisme et Ingénierie",
            "page": 2
        },
        {
            "level": "H1",
            "text": "V. Un Festin de Lumière et de Son : Le Spectacle du Aomori Nebuta Matsuri",
            "page": 3
        },
        {
            "level": "H2",
            "text": "5.1. Origines et Identité : De Tanabata au Grand Festival du Tohoku",
            "page": 3
        },
        {
            "level": "H2",
            "text": "5.2. Les Lanternes Nebuta : Savoir-faire et Art",
            "page": 3
        }
    ]
}